Initial balance cannot be negative.
Success.
Trader with given ID already exists.
$100.00
No such trader in the market.
No such trader in the market.
Trader has an empty inventory.
Could not import product into market.
Trader now has 100.00 units of Nike.
No such trader in the market.
100.00
Product not in inventory.
No such trader in the market.
Trader now has 50.00 units of Nike.
Could not export product out of market.
No such trader in the market.
Have a nice day.